[     354ms] [LOG] [Fast Refresh] rebuilding @ http://localhost:3000/_next/static/chunks/node_modules_next_dist_1e8vcs8._.js:776
[    1788ms] [LOG] [Fast Refresh] done in 1566ms @ http://localhost:3000/_next/static/chunks/node_modules_next_dist_1e8vcs8._.js:776
[    5233ms] [WARNING] Failed to decode downloaded font: https://fonts.googleapis.com/css2?family=Playfair+Display:wght@400;500;600;700;800;900&display=swap @ http://localhost:3000/:0
[    5233ms] [WARNING] OTS parsing error: invalid sfntVersion: 791289955 @ http://localhost:3000/:0
[    5307ms] [INFO] %cDownload the React DevTools for a better development experience: https://react.dev/link/react-devtools font-weight:bold @ http://localhost:3000/_next/static/chunks/node_modules_next_dist_1e8vcs8._.js:776
[    5446ms] [LOG] [HMR] connected @ http://localhost:3000/_next/static/chunks/node_modules_next_dist_1e8vcs8._.js:776
[    6994ms] [WARNING] Failed to decode downloaded font: https://fonts.googleapis.com/css2?family=Playfair+Display:wght@400;500;600;700;800;900&display=swap @ http://localhost:3000/:0
[    6994ms] [WARNING] OTS parsing error: invalid sfntVersion: 791289955 @ http://localhost:3000/:0
[   13953ms] [LOG] [Fast Refresh] rebuilding @ http://localhost:3000/_next/static/chunks/node_modules_next_dist_1e8vcs8._.js:776
[   14046ms] [LOG] [Fast Refresh] done in 213ms @ http://localhost:3000/_next/static/chunks/node_modules_next_dist_1e8vcs8._.js:776
[   15336ms] [LOG] [Fast Refresh] rebuilding @ http://localhost:3000/_next/static/chunks/node_modules_next_dist_1e8vcs8._.js:776
[   15518ms] [LOG] [Fast Refresh] done in 316ms @ http://localhost:3000/_next/static/chunks/node_modules_next_dist_1e8vcs8._.js:776
[   16115ms] [LOG] [Fast Refresh] rebuilding @ http://localhost:3000/_next/static/chunks/node_modules_next_dist_1e8vcs8._.js:776
[   16356ms] [LOG] [Fast Refresh] done in 366ms @ http://localhost:3000/_next/static/chunks/node_modules_next_dist_1e8vcs8._.js:776
[   17914ms] [LOG] [Fast Refresh] rebuilding @ http://localhost:3000/_next/static/chunks/node_modules_next_dist_1e8vcs8._.js:776
[   18019ms] [LOG] [Fast Refresh] done in 217ms @ http://localhost:3000/_next/static/chunks/node_modules_next_dist_1e8vcs8._.js:776
[   18519ms] [LOG] [Fast Refresh] rebuilding @ http://localhost:3000/_next/static/chunks/node_modules_next_dist_1e8vcs8._.js:776
[   18706ms] [LOG] [Fast Refresh] done in 286ms @ http://localhost:3000/_next/static/chunks/node_modules_next_dist_1e8vcs8._.js:776
[   19721ms] [LOG] [Fast Refresh] rebuilding @ http://localhost:3000/_next/static/chunks/node_modules_next_dist_1e8vcs8._.js:776
[   19788ms] [LOG] [Fast Refresh] done in 169ms @ http://localhost:3000/_next/static/chunks/node_modules_next_dist_1e8vcs8._.js:776
[   20538ms] [LOG] [Fast Refresh] rebuilding @ http://localhost:3000/_next/static/chunks/node_modules_next_dist_1e8vcs8._.js:776
[   20704ms] [LOG] [Fast Refresh] done in 288ms @ http://localhost:3000/_next/static/chunks/node_modules_next_dist_1e8vcs8._.js:776
[   22931ms] [LOG] [Fast Refresh] rebuilding @ http://localhost:3000/_next/static/chunks/node_modules_next_dist_1e8vcs8._.js:776
[   23139ms] [LOG] [Fast Refresh] done in 424ms @ http://localhost:3000/_next/static/chunks/node_modules_next_dist_1e8vcs8._.js:776
[   44655ms] [LOG] [Fast Refresh] rebuilding @ http://localhost:3000/_next/static/chunks/node_modules_next_dist_1e8vcs8._.js:776
[   44850ms] [LOG] [Fast Refresh] done in 312ms @ http://localhost:3000/_next/static/chunks/node_modules_next_dist_1e8vcs8._.js:776
[   50421ms] [LOG] [Fast Refresh] rebuilding @ http://localhost:3000/_next/static/chunks/node_modules_next_dist_1e8vcs8._.js:776
[   50604ms] [LOG] [Fast Refresh] done in 305ms @ http://localhost:3000/_next/static/chunks/node_modules_next_dist_1e8vcs8._.js:776
[   68648ms] [LOG] [Fast Refresh] rebuilding @ http://localhost:3000/_next/static/chunks/node_modules_next_dist_1e8vcs8._.js:776
[   75653ms] [LOG] [Fast Refresh] done in 7371ms @ http://localhost:3000/_next/static/chunks/node_modules_next_dist_1e8vcs8._.js:776
[   76312ms] [WARNING] Failed to decode downloaded font: https://fonts.googleapis.com/css2?family=Playfair+Display:wght@400;500;600;700;800;900&display=swap @ http://localhost:3000/:0
[   76313ms] [WARNING] OTS parsing error: invalid sfntVersion: 791289955 @ http://localhost:3000/:0
[   76817ms] [LOG] [Fast Refresh] rebuilding @ http://localhost:3000/_next/static/chunks/node_modules_next_dist_1e8vcs8._.js:776
[   86586ms] [LOG] [Fast Refresh] done in 6275ms @ http://localhost:3000/_next/static/chunks/node_modules_next_dist_1e8vcs8._.js:776
[   88614ms] [LOG] [Fast Refresh] rebuilding @ http://localhost:3000/_next/static/chunks/node_modules_next_dist_1e8vcs8._.js:776
[   90347ms] [LOG] [Fast Refresh] done in 1851ms @ http://localhost:3000/_next/static/chunks/node_modules_next_dist_1e8vcs8._.js:776
[  114197ms] [LOG] [Fast Refresh] rebuilding @ http://localhost:3000/_next/static/chunks/node_modules_next_dist_1e8vcs8._.js:776
[  114198ms] [LOG] [Fast Refresh] done in 1388ms @ http://localhost:3000/_next/static/chunks/node_modules_next_dist_1e8vcs8._.js:776
[  123214ms] [LOG] [Fast Refresh] rebuilding @ http://localhost:3000/_next/static/chunks/node_modules_next_dist_1e8vcs8._.js:776
[  200564ms] [LOG] [Fast Refresh] done in 76636ms @ http://localhost:3000/_next/static/chunks/node_modules_next_dist_1e8vcs8._.js:776
[  212640ms] [LOG] [Fast Refresh] rebuilding @ http://localhost:3000/_next/static/chunks/node_modules_next_dist_1e8vcs8._.js:776
[  213392ms] [LOG] [Fast Refresh] done in 869ms @ http://localhost:3000/_next/static/chunks/node_modules_next_dist_1e8vcs8._.js:776
[  214308ms] [LOG] [Fast Refresh] rebuilding @ http://localhost:3000/_next/static/chunks/node_modules_next_dist_1e8vcs8._.js:776
[  216192ms] [LOG] [Fast Refresh] done in 1986ms @ http://localhost:3000/_next/static/chunks/node_modules_next_dist_1e8vcs8._.js:776
[  216385ms] [WARNING] Failed to decode downloaded font: https://fonts.googleapis.com/css2?family=Playfair+Display:wght@400;500;600;700;800;900&display=swap @ http://localhost:3000/:0
[  216386ms] [WARNING] OTS parsing error: invalid sfntVersion: 791289955 @ http://localhost:3000/:0
[  216688ms] [WARNING] Failed to decode downloaded font: https://fonts.googleapis.com/css2?family=Playfair+Display:wght@400;500;600;700;800;900&display=swap @ http://localhost:3000/:0
[  216688ms] [WARNING] OTS parsing error: invalid sfntVersion: 791289955 @ http://localhost:3000/:0
[  216759ms] [WARNING] Failed to decode downloaded font: https://fonts.googleapis.com/css2?family=Playfair+Display:wght@400;500;600;700;800;900&display=swap @ http://localhost:3000/:0
[  216760ms] [WARNING] OTS parsing error: invalid sfntVersion: 791289955 @ http://localhost:3000/:0
[  216854ms] [LOG] [Fast Refresh] rebuilding @ http://localhost:3000/_next/static/chunks/node_modules_next_dist_1e8vcs8._.js:776
[  216886ms] [LOG] [Fast Refresh] done in 145ms @ http://localhost:3000/_next/static/chunks/node_modules_next_dist_1e8vcs8._.js:776
[  219029ms] [LOG] [Fast Refresh] rebuilding @ http://localhost:3000/_next/static/chunks/node_modules_next_dist_1e8vcs8._.js:776
[  225044ms] [LOG] [Fast Refresh] done in 6022ms @ http://localhost:3000/_next/static/chunks/node_modules_next_dist_1e8vcs8._.js:776
[  225209ms] [LOG] [Fast Refresh] done in 6022ms @ http://localhost:3000/_next/static/chunks/node_modules_next_dist_1e8vcs8._.js:776
[  231680ms] [LOG] [Fast Refresh] rebuilding @ http://localhost:3000/_next/static/chunks/node_modules_next_dist_1e8vcs8._.js:776
[  234254ms] [LOG] [Fast Refresh] done in 2667ms @ http://localhost:3000/_next/static/chunks/node_modules_next_dist_1e8vcs8._.js:776
[  234477ms] [LOG] [Fast Refresh] rebuilding @ http://localhost:3000/_next/static/chunks/node_modules_next_dist_1e8vcs8._.js:776
[  236028ms] [LOG] [Fast Refresh] done in 1639ms @ http://localhost:3000/_next/static/chunks/node_modules_next_dist_1e8vcs8._.js:776
[  236054ms] [WARNING] Failed to decode downloaded font: https://fonts.googleapis.com/css2?family=Playfair+Display:wght@400;500;600;700;800;900&display=swap @ http://localhost:3000/:0
[  236055ms] [WARNING] OTS parsing error: invalid sfntVersion: 791289955 @ http://localhost:3000/:0
[  236134ms] [WARNING] Failed to decode downloaded font: https://fonts.googleapis.com/css2?family=Playfair+Display:wght@400;500;600;700;800;900&display=swap @ http://localhost:3000/:0
[  236135ms] [WARNING] OTS parsing error: invalid sfntVersion: 791289955 @ http://localhost:3000/:0
[  236148ms] [WARNING] Failed to decode downloaded font: https://fonts.googleapis.com/css2?family=Playfair+Display:wght@400;500;600;700;800;900&display=swap @ http://localhost:3000/:0
[  236148ms] [WARNING] OTS parsing error: invalid sfntVersion: 791289955 @ http://localhost:3000/:0
[  236727ms] [LOG] [Fast Refresh] rebuilding @ http://localhost:3000/_next/static/chunks/node_modules_next_dist_1e8vcs8._.js:776
[  237045ms] [LOG] [Fast Refresh] done in 419ms @ http://localhost:3000/_next/static/chunks/node_modules_next_dist_1e8vcs8._.js:776
[  242702ms] [LOG] [Fast Refresh] rebuilding @ http://localhost:3000/_next/static/chunks/node_modules_next_dist_1e8vcs8._.js:776
[  246250ms] [LOG] [Fast Refresh] done in 3662ms @ http://localhost:3000/_next/static/chunks/node_modules_next_dist_1e8vcs8._.js:776
[  246811ms] [LOG] [Fast Refresh] rebuilding @ http://localhost:3000/_next/static/chunks/node_modules_next_dist_1e8vcs8._.js:776
[  261769ms] [WARNING] Failed to decode downloaded font: https://fonts.googleapis.com/css2?family=Playfair+Display:wght@400;500;600;700;800;900&display=swap @ http://localhost:3000/:0
[  261770ms] [WARNING] OTS parsing error: invalid sfntVersion: 791289955 @ http://localhost:3000/:0
[  264377ms] [LOG] [Fast Refresh] done in 17383ms @ http://localhost:3000/_next/static/chunks/node_modules_next_dist_1e8vcs8._.js:776
