[   11226ms] [INFO] %cDownload the React DevTools for a better development experience: https://react.dev/link/react-devtools font-weight:bold @ http://localhost:3000/_next/static/chunks/node_modules_next_dist_1e8vcs8._.js:776
[   11385ms] [WARNING] Failed to decode downloaded font: https://fonts.googleapis.com/css2?family=Playfair+Display:wght@400;500;600;700;800;900&display=swap @ http://localhost:3000/:0
[   11385ms] [WARNING] OTS parsing error: invalid sfntVersion: 791289955 @ http://localhost:3000/:0
[   13974ms] [LOG] [HMR] connected @ http://localhost:3000/_next/static/chunks/node_modules_next_dist_1e8vcs8._.js:776
[   15256ms] [LOG] [Fast Refresh] rebuilding @ http://localhost:3000/_next/static/chunks/node_modules_next_dist_1e8vcs8._.js:776
[   15736ms] [LOG] [Fast Refresh] done in 596ms @ http://localhost:3000/_next/static/chunks/node_modules_next_dist_1e8vcs8._.js:776
[   16470ms] [WARNING] Failed to decode downloaded font: https://fonts.googleapis.com/css2?family=Playfair+Display:wght@400;500;600;700;800;900&display=swap @ http://localhost:3000/:0
[   16471ms] [WARNING] OTS parsing error: invalid sfntVersion: 791289955 @ http://localhost:3000/:0
[   72342ms] [LOG] [Fast Refresh] rebuilding @ http://localhost:3000/_next/static/chunks/node_modules_next_dist_1e8vcs8._.js:776
[   77269ms] [LOG] [Fast Refresh] done in 5036ms @ http://localhost:3000/_next/static/chunks/node_modules_next_dist_1e8vcs8._.js:776
[  137867ms] [LOG] [Fast Refresh] rebuilding @ http://localhost:3000/_next/static/chunks/node_modules_next_dist_1e8vcs8._.js:776
[  215678ms] [WARNING] GSAP target  not found. https://gsap.com @ http://localhost:3000/_next/static/chunks/node_modules_next_dist_1e8vcs8._.js:776
[  215742ms] [WARNING] GSAP target null not found. https://gsap.com @ http://localhost:3000/_next/static/chunks/node_modules_next_dist_1e8vcs8._.js:776
[  215745ms] [WARNING] GSAP target null not found. https://gsap.com @ http://localhost:3000/_next/static/chunks/node_modules_next_dist_1e8vcs8._.js:776
[  215747ms] [WARNING] GSAP target null not found. https://gsap.com @ http://localhost:3000/_next/static/chunks/node_modules_next_dist_1e8vcs8._.js:776
[  215761ms] [WARNING] GSAP target null not found. https://gsap.com @ http://localhost:3000/_next/static/chunks/node_modules_next_dist_1e8vcs8._.js:776
[  215777ms] [WARNING] GSAP target  not found. https://gsap.com @ http://localhost:3000/_next/static/chunks/node_modules_next_dist_1e8vcs8._.js:776
[  215778ms] [WARNING] GSAP target null not found. https://gsap.com @ http://localhost:3000/_next/static/chunks/node_modules_next_dist_1e8vcs8._.js:776
[  215779ms] [WARNING] GSAP target null not found. https://gsap.com @ http://localhost:3000/_next/static/chunks/node_modules_next_dist_1e8vcs8._.js:776
[  215781ms] [WARNING] GSAP target null not found. https://gsap.com @ http://localhost:3000/_next/static/chunks/node_modules_next_dist_1e8vcs8._.js:776
[  215782ms] [WARNING] GSAP target null not found. https://gsap.com @ http://localhost:3000/_next/static/chunks/node_modules_next_dist_1e8vcs8._.js:776
[  216628ms] [WARNING] Failed to decode downloaded font: https://fonts.googleapis.com/css2?family=Playfair+Display:wght@400;500;600;700;800;900&display=swap @ http://localhost:3000/:0
[  216629ms] [WARNING] OTS parsing error: invalid sfntVersion: 791289955 @ http://localhost:3000/:0
[  217039ms] [WARNING] Failed to decode downloaded font: https://fonts.googleapis.com/css2?family=Playfair+Display:wght@400;500;600;700;800;900&display=swap @ http://localhost:3000/:0
[  217039ms] [WARNING] OTS parsing error: invalid sfntVersion: 791289955 @ http://localhost:3000/:0
[  217103ms] [LOG] [Fast Refresh] done in 78682ms @ http://localhost:3000/_next/static/chunks/node_modules_next_dist_1e8vcs8._.js:776
[  217112ms] [WARNING] Failed to decode downloaded font: https://fonts.googleapis.com/css2?family=Playfair+Display:wght@400;500;600;700;800;900&display=swap @ http://localhost:3000/:0
[  217112ms] [WARNING] OTS parsing error: invalid sfntVersion: 791289955 @ http://localhost:3000/:0
[  217802ms] [LOG] [Fast Refresh] rebuilding @ http://localhost:3000/_next/static/chunks/node_modules_next_dist_1e8vcs8._.js:776
[  225663ms] [LOG] [Fast Refresh] done in 7978ms @ http://localhost:3000/_next/static/chunks/node_modules_next_dist_1e8vcs8._.js:776
[  232341ms] [LOG] [Fast Refresh] rebuilding @ http://localhost:3000/_next/static/chunks/node_modules_next_dist_1e8vcs8._.js:776
[  233310ms] [LOG] [Fast Refresh] done in 1081ms @ http://localhost:3000/_next/static/chunks/node_modules_next_dist_1e8vcs8._.js:776
[  233909ms] [LOG] [Fast Refresh] rebuilding @ http://localhost:3000/_next/static/chunks/node_modules_next_dist_1e8vcs8._.js:776
[  234681ms] [LOG] [Fast Refresh] done in 888ms @ http://localhost:3000/_next/static/chunks/node_modules_next_dist_1e8vcs8._.js:776
[  586548ms] [LOG] [Fast Refresh] rebuilding @ http://localhost:3000/_next/static/chunks/node_modules_next_dist_1e8vcs8._.js:776
[  600320ms] [LOG] [Fast Refresh] done in 13914ms @ http://localhost:3000/_next/static/chunks/node_modules_next_dist_1e8vcs8._.js:776
[  611210ms] [LOG] [Fast Refresh] rebuilding @ http://localhost:3000/_next/static/chunks/node_modules_next_dist_1e8vcs8._.js:776
[  617412ms] [LOG] [Fast Refresh] done in 6325ms @ http://localhost:3000/_next/static/chunks/node_modules_next_dist_1e8vcs8._.js:776
[  618244ms] [LOG] [Fast Refresh] rebuilding @ http://localhost:3000/_next/static/chunks/node_modules_next_dist_1e8vcs8._.js:776
[  618557ms] [LOG] [Fast Refresh] done in 416ms @ http://localhost:3000/_next/static/chunks/node_modules_next_dist_1e8vcs8._.js:776
[  618943ms] [LOG] [Fast Refresh] rebuilding @ http://localhost:3000/_next/static/chunks/node_modules_next_dist_1e8vcs8._.js:776
[  629064ms] [LOG] [Fast Refresh] done in 10236ms @ http://localhost:3000/_next/static/chunks/node_modules_next_dist_1e8vcs8._.js:776
[  979930ms] [LOG] [Fast Refresh] rebuilding @ http://localhost:3000/_next/static/chunks/node_modules_next_dist_1e8vcs8._.js:776
[ 1057864ms] [LOG] [Fast Refresh] done in 78024ms @ http://localhost:3000/_next/static/chunks/node_modules_next_dist_1e8vcs8._.js:776
[ 1058530ms] [WARNING] Failed to decode downloaded font: https://fonts.googleapis.com/css2?family=Playfair+Display:wght@400;500;600;700;800;900&display=swap @ http://localhost:3000/:0
[ 1058531ms] [WARNING] OTS parsing error: invalid sfntVersion: 791289955 @ http://localhost:3000/:0
[ 1058986ms] [WARNING] Failed to decode downloaded font: https://fonts.googleapis.com/css2?family=Playfair+Display:wght@400;500;600;700;800;900&display=swap @ http://localhost:3000/:0
[ 1058986ms] [WARNING] OTS parsing error: invalid sfntVersion: 791289955 @ http://localhost:3000/:0
[ 1058987ms] [WARNING] Failed to decode downloaded font: https://fonts.googleapis.com/css2?family=Playfair+Display:wght@400;500;600;700;800;900&display=swap @ http://localhost:3000/:0
[ 1058987ms] [WARNING] OTS parsing error: invalid sfntVersion: 791289955 @ http://localhost:3000/:0
[ 1059015ms] [WARNING] Failed to decode downloaded font: https://fonts.googleapis.com/css2?family=Playfair+Display:wght@400;500;600;700;800;900&display=swap @ http://localhost:3000/:0
[ 1059015ms] [WARNING] OTS parsing error: invalid sfntVersion: 791289955 @ http://localhost:3000/:0
[ 1083682ms] [LOG] [Fast Refresh] rebuilding @ http://localhost:3000/_next/static/chunks/node_modules_next_dist_1e8vcs8._.js:776
[ 1085790ms] [LOG] [Fast Refresh] done in 2218ms @ http://localhost:3000/_next/static/chunks/node_modules_next_dist_1e8vcs8._.js:776
[ 1122168ms] [LOG] [Fast Refresh] rebuilding @ http://localhost:3000/_next/static/chunks/node_modules_next_dist_1e8vcs8._.js:776
[ 1201034ms] [WARNING] [Fast Refresh] performing full reload

Fast Refresh will perform a full reload when you edit a file that's imported by modules outside of the React rendering tree.
You might have a file which exports a React component but also exports a value that is imported by a non-React component file.
Consider migrating the non-React component export to a separate file and importing it into both files.

It is also possible the parent component of the component you edited is a class component, which disables Fast Refresh.
Fast Refresh requires at least one parent function component in your React tree. @ http://localhost:3000/_next/static/chunks/node_modules_next_dist_1e8vcs8._.js:776
[ 1201224ms] [LOG] [Fast Refresh] done in 79112ms @ http://localhost:3000/_next/static/chunks/node_modules_next_dist_1e8vcs8._.js:776
[ 1212844ms] [LOG] [Fast Refresh] rebuilding @ http://localhost:3000/_next/static/chunks/node_modules_next_dist_1e8vcs8._.js:776
[ 1213670ms] [WARNING] [Fast Refresh] performing full reload

Fast Refresh will perform a full reload when you edit a file that's imported by modules outside of the React rendering tree.
You might have a file which exports a React component but also exports a value that is imported by a non-React component file.
Consider migrating the non-React component export to a separate file and importing it into both files.

It is also possible the parent component of the component you edited is a class component, which disables Fast Refresh.
Fast Refresh requires at least one parent function component in your React tree. @ http://localhost:3000/_next/static/chunks/node_modules_next_dist_1e8vcs8._.js:776
[ 1213870ms] [LOG] [Fast Refresh] done in 941ms @ http://localhost:3000/_next/static/chunks/node_modules_next_dist_1e8vcs8._.js:776
[ 1227241ms] [LOG] [Fast Refresh] rebuilding @ http://localhost:3000/_next/static/chunks/node_modules_next_dist_1e8vcs8._.js:776
[ 1232535ms] [WARNING] Failed to decode downloaded font: https://fonts.googleapis.com/css2?family=Playfair+Display:wght@400;500;600;700;800;900&display=swap @ http://localhost:3000/:24
[ 1232535ms] [WARNING] OTS parsing error: invalid sfntVersion: 791289955 @ http://localhost:3000/:24
[ 1233084ms] [INFO] %cDownload the React DevTools for a better development experience: https://react.dev/link/react-devtools font-weight:bold @ http://localhost:3000/_next/static/chunks/node_modules_next_dist_1e8vcs8._.js:776
[ 1240432ms] [LOG] [HMR] connected @ http://localhost:3000/_next/static/chunks/node_modules_next_dist_1e8vcs8._.js:776
[ 1244865ms] [WARNING] GSAP target  not found. https://gsap.com @ http://localhost:3000/_next/static/chunks/node_modules_next_dist_1e8vcs8._.js:776
[ 1244867ms] [WARNING] GSAP target null not found. https://gsap.com @ http://localhost:3000/_next/static/chunks/node_modules_next_dist_1e8vcs8._.js:776
[ 1244870ms] [WARNING] GSAP target null not found. https://gsap.com @ http://localhost:3000/_next/static/chunks/node_modules_next_dist_1e8vcs8._.js:776
[ 1244879ms] [WARNING] GSAP target null not found. https://gsap.com @ http://localhost:3000/_next/static/chunks/node_modules_next_dist_1e8vcs8._.js:776
[ 1244884ms] [WARNING] GSAP target null not found. https://gsap.com @ http://localhost:3000/_next/static/chunks/node_modules_next_dist_1e8vcs8._.js:776
[ 1245115ms] [WARNING] GSAP target  not found. https://gsap.com @ http://localhost:3000/_next/static/chunks/node_modules_next_dist_1e8vcs8._.js:776
[ 1245117ms] [WARNING] GSAP target null not found. https://gsap.com @ http://localhost:3000/_next/static/chunks/node_modules_next_dist_1e8vcs8._.js:776
[ 1245122ms] [WARNING] GSAP target null not found. https://gsap.com @ http://localhost:3000/_next/static/chunks/node_modules_next_dist_1e8vcs8._.js:776
[ 1245127ms] [WARNING] GSAP target null not found. https://gsap.com @ http://localhost:3000/_next/static/chunks/node_modules_next_dist_1e8vcs8._.js:776
[ 1245129ms] [WARNING] GSAP target null not found. https://gsap.com @ http://localhost:3000/_next/static/chunks/node_modules_next_dist_1e8vcs8._.js:776
[ 1245282ms] [WARNING] Failed to decode downloaded font: https://fonts.googleapis.com/css2?family=Playfair+Display:wght@400;500;600;700;800;900&display=swap @ http://localhost:3000/:0
[ 1245283ms] [WARNING] OTS parsing error: invalid sfntVersion: 791289955 @ http://localhost:3000/:0
[ 1245396ms] [WARNING] Failed to decode downloaded font: https://fonts.googleapis.com/css2?family=Playfair+Display:wght@400;500;600;700;800;900&display=swap @ http://localhost:3000/:0
[ 1245400ms] [WARNING] OTS parsing error: invalid sfntVersion: 791289955 @ http://localhost:3000/:0
[ 1266628ms] [LOG] [Fast Refresh] rebuilding @ http://localhost:3000/_next/static/chunks/node_modules_next_dist_1e8vcs8._.js:776
[ 1268009ms] [LOG] [Fast Refresh] done in 1493ms @ http://localhost:3000/_next/static/chunks/node_modules_next_dist_1e8vcs8._.js:776
[ 1286097ms] [LOG] [Fast Refresh] rebuilding @ http://localhost:3000/_next/static/chunks/node_modules_next_dist_1e8vcs8._.js:776
[ 1313463ms] [LOG] [Fast Refresh] done in 27480ms @ http://localhost:3000/_next/static/chunks/node_modules_next_dist_1e8vcs8._.js:776
[ 1329594ms] [LOG] [Fast Refresh] rebuilding @ http://localhost:3000/_next/static/chunks/node_modules_next_dist_1e8vcs8._.js:776
[ 1333101ms] [LOG] [Fast Refresh] done in 3621ms @ http://localhost:3000/_next/static/chunks/node_modules_next_dist_1e8vcs8._.js:776
[ 1351540ms] [LOG] [Fast Refresh] rebuilding @ http://localhost:3000/_next/static/chunks/node_modules_next_dist_1e8vcs8._.js:776
[ 1353328ms] [LOG] [Fast Refresh] done in 1923ms @ http://localhost:3000/_next/static/chunks/node_modules_next_dist_1e8vcs8._.js:776
[ 1363149ms] [LOG] [Fast Refresh] rebuilding @ http://localhost:3000/_next/static/chunks/node_modules_next_dist_1e8vcs8._.js:776
[ 1364342ms] [LOG] [Fast Refresh] done in 1298ms @ http://localhost:3000/_next/static/chunks/node_modules_next_dist_1e8vcs8._.js:776
[ 1379158ms] [LOG] [Fast Refresh] rebuilding @ http://localhost:3000/_next/static/chunks/node_modules_next_dist_1e8vcs8._.js:776
[ 1411687ms] [LOG] [Fast Refresh] done in 32565ms @ http://localhost:3000/_next/static/chunks/node_modules_next_dist_1e8vcs8._.js:776
[ 1427780ms] [LOG] [Fast Refresh] rebuilding @ http://localhost:3000/_next/static/chunks/node_modules_next_dist_1e8vcs8._.js:776
[ 1483756ms] [LOG] [Fast Refresh] done in 50922ms @ http://localhost:3000/_next/static/chunks/node_modules_next_dist_1e8vcs8._.js:776
[ 1497923ms] [LOG] [Fast Refresh] rebuilding @ http://localhost:3000/_next/static/chunks/node_modules_next_dist_1e8vcs8._.js:776
[ 1500614ms] [LOG] [Fast Refresh] done in 2793ms @ http://localhost:3000/_next/static/chunks/node_modules_next_dist_1e8vcs8._.js:776
[ 1534926ms] [LOG] [Fast Refresh] rebuilding @ http://localhost:3000/_next/static/chunks/node_modules_next_dist_1e8vcs8._.js:776
[ 1538587ms] [LOG] [Fast Refresh] done in 3766ms @ http://localhost:3000/_next/static/chunks/node_modules_next_dist_1e8vcs8._.js:776
[ 1555623ms] [LOG] [Fast Refresh] rebuilding @ http://localhost:3000/_next/static/chunks/node_modules_next_dist_1e8vcs8._.js:776
[ 1558829ms] [LOG] [Fast Refresh] done in 3493ms @ http://localhost:3000/_next/static/chunks/node_modules_next_dist_1e8vcs8._.js:776
[ 1577615ms] [LOG] [Fast Refresh] rebuilding @ http://localhost:3000/_next/static/chunks/node_modules_next_dist_1e8vcs8._.js:776
[ 1579544ms] [LOG] [Fast Refresh] done in 2042ms @ http://localhost:3000/_next/static/chunks/node_modules_next_dist_1e8vcs8._.js:776
[ 1597898ms] [LOG] [Fast Refresh] rebuilding @ http://localhost:3000/_next/static/chunks/node_modules_next_dist_1e8vcs8._.js:776
[ 1598702ms] [LOG] [Fast Refresh] done in 954ms @ http://localhost:3000/_next/static/chunks/node_modules_next_dist_1e8vcs8._.js:776
[ 2111941ms] [LOG] [Fast Refresh] rebuilding @ http://localhost:3000/_next/static/chunks/node_modules_next_dist_1e8vcs8._.js:776
[ 2199016ms] [LOG] [Fast Refresh] done in 87174ms @ http://localhost:3000/_next/static/chunks/node_modules_next_dist_1e8vcs8._.js:776
[ 2199301ms] [LOG] [Fast Refresh] rebuilding @ http://localhost:3000/_next/static/chunks/node_modules_next_dist_1e8vcs8._.js:776
[ 2199454ms] [LOG] [Fast Refresh] done in 269ms @ http://localhost:3000/_next/static/chunks/node_modules_next_dist_1e8vcs8._.js:776
[ 2200217ms] [LOG] [Fast Refresh] rebuilding @ http://localhost:3000/_next/static/chunks/node_modules_next_dist_1e8vcs8._.js:776
[ 2200221ms] [LOG] [Fast Refresh] done in 113ms @ http://localhost:3000/_next/static/chunks/node_modules_next_dist_1e8vcs8._.js:776
[ 2214249ms] [LOG] [Fast Refresh] rebuilding @ http://localhost:3000/_next/static/chunks/node_modules_next_dist_1e8vcs8._.js:776
[ 2217073ms] [LOG] [Fast Refresh] done in 2936ms @ http://localhost:3000/_next/static/chunks/node_modules_next_dist_1e8vcs8._.js:776
